[debug] [2026-08-02T14:54:41.264Z] ----------------------------------------------------------------------
[debug] [2026-08-02T14:54:41.266Z] Command:       /usr/bin/node /usr/bin/firebase functions:log --lines 1000
[debug] [2026-08-02T14:54:41.266Z] CLI Version:   15.22.1
[debug] [2026-08-02T14:54:41.266Z] Platform:      linux
[debug] [2026-08-02T14:54:41.267Z] Node Version:  v22.23.1
[debug] [2026-08-02T14:54:41.267Z] Detected Agent: antigravity
[debug] [2026-08-02T14:54:41.267Z] Time:          Sun Aug 02 2026 16:54:41 GMT+0200 (Central Africa Time)
[debug] [2026-08-02T14:54:41.267Z] ----------------------------------------------------------------------
[debug] 
[debug] [2026-08-02T14:54:41.516Z] > command requires scopes: ["email","openid","https://www.googleapis.com/auth/cloudplatformprojects.readonly","https://www.googleapis.com/auth/firebase","https://www.googleapis.com/auth/cloud-platform"]
[debug] [2026-08-02T14:54:41.516Z] > authorizing via signed-in user (ja5009006@gmail.com)
[debug] [2026-08-02T14:54:41.516Z] [iam] checking project jhomeweb-9ee56 for permissions ["firebase.projects.get","logging.logEntries.list","logging.logs.list"]
[debug] [2026-08-02T14:54:41.517Z] Checked if tokens are valid: true, expires at: 1785685785987
[debug] [2026-08-02T14:54:41.518Z] Checked if tokens are valid: true, expires at: 1785685785987
[debug] [2026-08-02T14:54:41.519Z] >>> [apiv2][query] POST https://cloudresourcemanager.googleapis.com/v1/projects/jhomeweb-9ee56:testIamPermissions [none]
[debug] [2026-08-02T14:54:41.519Z] >>> [apiv2][(partial)header] POST https://cloudresourcemanager.googleapis.com/v1/projects/jhomeweb-9ee56:testIamPermissions  x-goog-user-project=jhomeweb-9ee56
[debug] [2026-08-02T14:54:41.519Z] >>> [apiv2][body] POST https://cloudresourcemanager.googleapis.com/v1/projects/jhomeweb-9ee56:testIamPermissions {"permissions":["firebase.projects.get","logging.logEntries.list","logging.logs.list"]}
[debug] [2026-08-02T14:54:43.906Z] <<< [apiv2][status] POST https://cloudresourcemanager.googleapis.com/v1/projects/jhomeweb-9ee56:testIamPermissions 200
[debug] [2026-08-02T14:54:43.907Z] <<< [apiv2][body] POST https://cloudresourcemanager.googleapis.com/v1/projects/jhomeweb-9ee56:testIamPermissions {"permissions":["firebase.projects.get","logging.logEntries.list","logging.logs.list"]}
[debug] [2026-08-02T14:54:43.907Z] Checked if tokens are valid: true, expires at: 1785685785987
[debug] [2026-08-02T14:54:43.907Z] Checked if tokens are valid: true, expires at: 1785685785987
[debug] [2026-08-02T14:54:43.907Z] >>> [apiv2][query] POST https://logging.googleapis.com/v2/entries:list [none]
[debug] [2026-08-02T14:54:43.908Z] >>> [apiv2][body] POST https://logging.googleapis.com/v2/entries:list {"resourceNames":["projects/jhomeweb-9ee56"],"filter":"resource.type=\"cloud_function\" OR (resource.type=\"cloud_run_revision\" AND labels.\"goog-managed-by\"=\"cloudfunctions\")","orderBy":"timestamp desc","pageSize":"1000"}
[debug] [2026-08-02T14:54:44.209Z] *** [apiv2] error from fetch(https://logging.googleapis.com/v2/entries:list, {"headers":{},"method":"POST","body":"{\"resourceNames\":[\"projects/jhomeweb-9ee56\"],\"filter\":\"resource.type=\\\"cloud_function\\\" OR (resource.type=\\\"cloud_run_revision\\\" AND labels.\\\"goog-managed-by\\\"=\\\"cloudfunctions\\\")\",\"orderBy\":\"timestamp desc\",\"pageSize\":\"1000\"}"}): FetchError: request to https://logging.googleapis.com/v2/entries:list failed, reason: 
[debug] [2026-08-02T14:54:49.215Z] Error: Timed out.
    at Timeout._onTimeout (/usr/lib/node_modules/firebase-tools/lib/utils.js:313:49)
    at listOnTimeout (node:internal/timers:585:17)
    at process.processTimers (node:internal/timers:521:7)
[error] 
[error] Error: An unexpected error has occurred.
